---
source: tests/calendar.rs
expression: response
---
{
  "data": {
    "events": [
      {
        "color": "#fb8c00",
        "dateFrom": "2026-08-31 17:00:00",
        "dateTo": "2026-08-31 19:00:00",
        "description": "Minden évfolyam",
        "id": 2,
        "title": "Szülői értekezlet"
      },
      {
        "color": "#1e88e5",
        "dateFrom": "2026-09-01 08:00:00",
        "dateTo": "2026-09-01 10:00:00",
        "description": "Díszterem",
        "id": 3,
        "title": "Tanévnyitó"
      },
      {
        "color": "#43a047",
        "dateFrom": "2026-09-28 08:00:00",
        "dateTo": "2026-10-02 14:00:00",
        "description": null,
        "id": 4,
        "title": "Témahét"
      },
      {
        "color": "#8e24aa",
        "dateFrom": "2026-10-04 09:00:00",
        "dateTo": "2026-10-04 12:00:00",
        "description": "Leendő kilencedikeseknek",
        "id": 5,
        "title": "Nyílt nap"
      }
    ]
  },
  "extensions": {
    "analyzer": {
      "complexity": 7,
      "depth": 2
    }
  }
}
