---
source: tests/calendar.rs
expression: response
---
{
  "data": {
    "events": [
      {
        "id": 2,
        "title": "Szülői értekezlet",
        "dateFrom": "2026-08-31 17:00:00",
        "dateTo": "2026-08-31 19:00:00",
        "description": "Minden évfolyam",
        "color": "#fb8c00"
      },
      {
        "id": 3,
        "title": "Tanévnyitó",
        "dateFrom": "2026-09-01 08:00:00",
        "dateTo": "2026-09-01 10:00:00",
        "description": "Díszterem",
        "color": "#1e88e5"
      },
      {
        "id": 4,
        "title": "Témahét",
        "dateFrom": "2026-09-28 08:00:00",
        "dateTo": "2026-10-02 14:00:00",
        "description": null,
        "color": "#43a047"
      }
    ]
  },
  "extensions": {
    "analyzer": {
      "complexity": 7,
      "depth": 2
    }
  }
}
