---
source: tests/calendar.rs
expression: response
---
{
  "data": {
    "canteen": [
      {
        "id": 2,
        "date": "2025-12-29",
        "menus": [
          {
            "id": 4,
            "menu": "Zöldségleves",
            "type": 0
          },
          {
            "id": 5,
            "menu": "Paprikás krumpli",
            "type": 1
          },
          {
            "id": 3,
            "menu": "Túrós palacsinta",
            "type": 2
          }
        ]
      },
      {
        "id": 3,
        "date": "2026-01-02",
        "menus": [
          {
            "id": 1,
            "menu": "Gulyásleves",
            "type": 0
          },
          {
            "id": 5,
            "menu": "Paprikás krumpli",
            "type": 1
          }
        ]
      }
    ]
  },
  "extensions": {
    "analyzer": {
      "complexity": 7,
      "depth": 3
    }
  }
}
